// Jest Snapshot v1, https://goo.gl/fbAQLP

exports[`<Single/> should render correctly in debug mode 1`] = `
<div
  className="single"
/>
`;
